[INFO] Scanning for projects...
[INFO] 
[INFO] ------------------< com.example:transaction-starter >-------------------
[INFO] Building transaction-starter 0.0.1-SNAPSHOT
[INFO]   from pom.xml
[INFO] --------------------------------[ jar ]---------------------------------
[INFO] 
[INFO] --- clean:3.4.1:clean (default-clean) @ transaction-starter ---
[INFO] Deleting C:\Users\nagas\Downloads\toucan-springboot-starter-main (2)\toucan-springboot-starter-main\toucan-springboot-starter-main\target
[INFO] 
[INFO] --- resources:3.3.1:resources (default-resources) @ transaction-starter ---
[INFO] Copying 1 resource from src\main\resources to target\classes
[INFO] Copying 0 resource from src\main\resources to target\classes
[INFO] 
[INFO] --- compiler:3.14.0:compile (default-compile) @ transaction-starter ---
[INFO] Recompiling the module because of changed source code.
[INFO] Compiling 14 source files with javac [debug parameters release 17] to target\classes
[INFO] 
[INFO] --- resources:3.3.1:testResources (default-testResources) @ transaction-starter ---
[INFO] skip non existing resourceDirectory C:\Users\nagas\Downloads\toucan-springboot-starter-main (2)\toucan-springboot-starter-main\toucan-springboot-starter-main\src\test\resources
[INFO] 
[INFO] --- compiler:3.14.0:testCompile (default-testCompile) @ transaction-starter ---
[INFO] Recompiling the module because of changed dependency.
[INFO] Compiling 2 source files with javac [debug parameters release 17] to target\test-classes
[INFO] 
[INFO] --- surefire:3.5.3:test (default-test) @ transaction-starter ---
[INFO] Using auto detected provider org.apache.maven.surefire.junitplatform.JUnitPlatformProvider
[INFO] 
[INFO] -------------------------------------------------------
[INFO]  T E S T S
[INFO] -------------------------------------------------------
[INFO] Running com.example.transactionstarter.controller.TransactionControllerTest
19:51:40.517 [main] INFO org.springframework.test.context.support.AnnotationConfigContextLoaderUtils -- Could not detect default configuration classes for test class [com.example.transactionstarter.controller.TransactionControllerTest]: TransactionControllerTest does not declare any static, non-private, non-final, nested classes annotated with @Configuration.
19:51:40.661 [main] INFO org.springframework.boot.test.context.SpringBootTestContextBootstrapper -- Found @SpringBootConfiguration com.example.transactionstarter.TransactionStarterApplication for test class com.example.transactionstarter.controller.TransactionControllerTest

  .   ____          _            __ _ _
 /\\ / ___'_ __ _ _(_)_ __  __ _ \ \ \ \
( ( )\___ | '_ | '_| | '_ \/ _` | \ \ \ \
 \\/  ___)| |_)| | | | | || (_| |  ) ) ) )
  '  |____| .__|_| |_|_| |_\__, | / / / /
 =========|_|==============|___/=/_/_/_/

 :: Spring Boot ::                (v3.5.5)

2026-09-01T19:51:41.130+05:30  INFO 26328 --- [           main] c.e.t.c.TransactionControllerTest        : Starting TransactionControllerTest using Java 17.0.11 with PID 26328 (started by nagas in C:\Users\nagas\Downloads\toucan-springboot-starter-main (2)\toucan-springboot-starter-main\toucan-springboot-starter-main)
2026-09-01T19:51:41.132+05:30  INFO 26328 --- [           main] c.e.t.c.TransactionControllerTest        : No active profile set, falling back to 1 default profile: "default"
2026-09-01T19:51:41.768+05:30  INFO 26328 --- [           main] .s.d.r.c.RepositoryConfigurationDelegate : Bootstrapping Spring Data JPA repositories in DEFAULT mode.
2026-09-01T19:51:41.829+05:30  INFO 26328 --- [           main] .s.d.r.c.RepositoryConfigurationDelegate : Finished Spring Data repository scanning in 47 ms. Found 1 JPA repository interface.
2026-09-01T19:51:42.253+05:30  INFO 26328 --- [           main] o.hibernate.jpa.internal.util.LogHelper  : HHH000204: Processing PersistenceUnitInfo [name: default]
2026-09-01T19:51:42.320+05:30  INFO 26328 --- [           main] org.hibernate.Version                    : HHH000412: Hibernate ORM core version 6.6.26.Final
2026-09-01T19:51:42.360+05:30  INFO 26328 --- [           main] o.h.c.internal.RegionFactoryInitiator    : HHH000026: Second-level cache disabled
2026-09-01T19:51:42.751+05:30  INFO 26328 --- [           main] o.s.o.j.p.SpringPersistenceUnitInfo      : No LoadTimeWeaver setup: ignoring JPA class transformer
2026-09-01T19:51:42.791+05:30  INFO 26328 --- [           main] com.zaxxer.hikari.HikariDataSource       : HikariPool-1 - Starting...
2026-09-01T19:51:42.974+05:30  INFO 26328 --- [           main] com.zaxxer.hikari.pool.HikariPool        : HikariPool-1 - Added connection conn0: url=jdbc:h2:mem:transactions user=SA
2026-09-01T19:51:42.977+05:30  INFO 26328 --- [           main] com.zaxxer.hikari.HikariDataSource       : HikariPool-1 - Start completed.
2026-09-01T19:51:43.037+05:30  INFO 26328 --- [           main] org.hibernate.orm.connections.pooling    : HHH10001005: Database info:
	Database JDBC URL [Connecting through datasource 'HikariDataSource (HikariPool-1)']
	Database driver: undefined/unknown
	Database version: 2.3.232
	Autocommit mode: undefined/unknown
	Isolation level: undefined/unknown
	Minimum pool size: undefined/unknown
	Maximum pool size: undefined/unknown
2026-09-01T19:51:43.786+05:30  INFO 26328 --- [           main] o.h.e.t.j.p.i.JtaPlatformInitiator       : HHH000489: No JTA platform available (set 'hibernate.transaction.jta.platform' to enable JTA platform integration)
2026-09-01T19:51:43.815+05:30  INFO 26328 --- [           main] j.LocalContainerEntityManagerFactoryBean : Initialized JPA EntityManagerFactory for persistence unit 'default'
2026-09-01T19:51:44.532+05:30  INFO 26328 --- [           main] o.s.b.a.h2.H2ConsoleAutoConfiguration    : H2 console available at '/h2-console'. Database available at 'jdbc:h2:mem:transactions'
2026-09-01T19:51:44.595+05:30  INFO 26328 --- [           main] o.s.b.t.m.w.SpringBootMockServletContext : Initializing Spring TestDispatcherServlet ''
2026-09-01T19:51:44.596+05:30  INFO 26328 --- [           main] o.s.t.web.servlet.TestDispatcherServlet  : Initializing Servlet ''
2026-09-01T19:51:44.598+05:30  INFO 26328 --- [           main] o.s.t.web.servlet.TestDispatcherServlet  : Completed initialization in 1 ms
2026-09-01T19:51:44.621+05:30  INFO 26328 --- [           main] c.e.t.c.TransactionControllerTest        : Started TransactionControllerTest in 3.819 seconds (process running for 4.826)
[INFO] Tests run: 14, Failures: 0, Errors: 0, Skipped: 0, Time elapsed: 5.330 s -- in com.example.transactionstarter.controller.TransactionControllerTest
[INFO] Running com.example.transactionstarter.TransactionStarterApplicationTests
2026-09-01T19:51:45.713+05:30  INFO 26328 --- [           main] t.c.s.AnnotationConfigContextLoaderUtils : Could not detect default configuration classes for test class [com.example.transactionstarter.TransactionStarterApplicationTests]: TransactionStarterApplicationTests does not declare any static, non-private, non-final, nested classes annotated with @Configuration.
2026-09-01T19:51:45.721+05:30  INFO 26328 --- [           main] .b.t.c.SpringBootTestContextBootstrapper : Found @SpringBootConfiguration com.example.transactionstarter.TransactionStarterApplication for test class com.example.transactionstarter.TransactionStarterApplicationTests

  .   ____          _            __ _ _
 /\\ / ___'_ __ _ _(_)_ __  __ _ \ \ \ \
( ( )\___ | '_ | '_| | '_ \/ _` | \ \ \ \
 \\/  ___)| |_)| | | | | || (_| |  ) ) ) )
  '  |____| .__|_| |_|_| |_\__, | / / / /
 =========|_|==============|___/=/_/_/_/

 :: Spring Boot ::                (v3.5.5)

2026-09-01T19:51:45.752+05:30  INFO 26328 --- [           main] c.e.t.TransactionStarterApplicationTests : Starting TransactionStarterApplicationTests using Java 17.0.11 with PID 26328 (started by nagas in C:\Users\nagas\Downloads\toucan-springboot-starter-main (2)\toucan-springboot-starter-main\toucan-springboot-starter-main)
2026-09-01T19:51:45.753+05:30  INFO 26328 --- [           main] c.e.t.TransactionStarterApplicationTests : No active profile set, falling back to 1 default profile: "default"
2026-09-01T19:51:45.862+05:30  INFO 26328 --- [           main] .s.d.r.c.RepositoryConfigurationDelegate : Bootstrapping Spring Data JPA repositories in DEFAULT mode.
2026-09-01T19:51:45.872+05:30  INFO 26328 --- [           main] .s.d.r.c.RepositoryConfigurationDelegate : Finished Spring Data repository scanning in 8 ms. Found 1 JPA repository interface.
2026-09-01T19:51:45.928+05:30  INFO 26328 --- [           main] o.hibernate.jpa.internal.util.LogHelper  : HHH000204: Processing PersistenceUnitInfo [name: default]
2026-09-01T19:51:45.930+05:30  INFO 26328 --- [           main] o.h.c.internal.RegionFactoryInitiator    : HHH000026: Second-level cache disabled
2026-09-01T19:51:45.939+05:30  INFO 26328 --- [           main] o.s.o.j.p.SpringPersistenceUnitInfo      : No LoadTimeWeaver setup: ignoring JPA class transformer
2026-09-01T19:51:45.940+05:30  INFO 26328 --- [           main] com.zaxxer.hikari.HikariDataSource       : HikariPool-2 - Starting...
2026-09-01T19:51:45.942+05:30  INFO 26328 --- [           main] com.zaxxer.hikari.pool.HikariPool        : HikariPool-2 - Added connection conn10: url=jdbc:h2:mem:transactions user=SA
2026-09-01T19:51:45.942+05:30  INFO 26328 --- [           main] com.zaxxer.hikari.HikariDataSource       : HikariPool-2 - Start completed.
2026-09-01T19:51:45.943+05:30  INFO 26328 --- [           main] org.hibernate.orm.connections.pooling    : HHH10001005: Database info:
	Database JDBC URL [Connecting through datasource 'HikariDataSource (HikariPool-2)']
	Database driver: undefined/unknown
	Database version: 2.3.232
	Autocommit mode: undefined/unknown
	Isolation level: undefined/unknown
	Minimum pool size: undefined/unknown
	Maximum pool size: undefined/unknown
2026-09-01T19:51:45.968+05:30  INFO 26328 --- [           main] o.h.e.t.j.p.i.JtaPlatformInitiator       : HHH000489: No JTA platform available (set 'hibernate.transaction.jta.platform' to enable JTA platform integration)
2026-09-01T19:51:45.971+05:30  INFO 26328 --- [           main] j.LocalContainerEntityManagerFactoryBean : Initialized JPA EntityManagerFactory for persistence unit 'default'
2026-09-01T19:51:46.072+05:30  INFO 26328 --- [           main] o.s.b.a.h2.H2ConsoleAutoConfiguration    : H2 console available at '/h2-console'. Database available at 'jdbc:h2:mem:transactions'
2026-09-01T19:51:46.100+05:30  INFO 26328 --- [           main] c.e.t.TransactionStarterApplicationTests : Started TransactionStarterApplicationTests in 0.375 seconds (process running for 6.304)
[INFO] Tests run: 1, Failures: 0, Errors: 0, Skipped: 0, Time elapsed: 0.391 s -- in com.example.transactionstarter.TransactionStarterApplicationTests
[INFO] 
[INFO] Results:
[INFO] 
[INFO] Tests run: 15, Failures: 0, Errors: 0, Skipped: 0
[INFO] 
[INFO] ------------------------------------------------------------------------
[INFO] BUILD SUCCESS
[INFO] ------------------------------------------------------------------------
[INFO] Total time:  9.395 s
[INFO] Finished at: 2026-09-01T19:51:46+05:30
[INFO] ------------------------------------------------------------------------
